{
  "version": "1.5.0",
  "plugins_used": [
    {
      "name": "ArtifactoryDetector"
    },
    {
      "name": "AWSKeyDetector"
    },
    {
      "name": "AzureStorageKeyDetector"
    },
    {
      "name": "Base64HighEntropyString",
      "limit": 4.5
    },
    {
      "name": "BasicAuthDetector"
    },
    {
      "name": "CloudantDetector"
    },
    {
      "name": "DiscordBotTokenDetector"
    },
    {
      "name": "GitHubTokenDetector"
    },
    {
      "name": "GitLabTokenDetector"
    },
    {
      "name": "HexHighEntropyString",
      "limit": 3.0
    },
    {
      "name": "IbmCloudIamDetector"
    },
    {
      "name": "IbmCosHmacDetector"
    },
    {
      "name": "IPPublicDetector"
    },
    {
      "name": "JwtTokenDetector"
    },
    {
      "name": "KeywordDetector",
      "keyword_exclude": ""
    },
    {
      "name": "MailchimpDetector"
    },
    {
      "name": "NpmDetector"
    },
    {
      "name": "OpenAIDetector"
    },
    {
      "name": "PrivateKeyDetector"
    },
    {
      "name": "PypiTokenDetector"
    },
    {
      "name": "SendGridDetector"
    },
    {
      "name": "SlackDetector"
    },
    {
      "name": "SoftlayerDetector"
    },
    {
      "name": "SquareOAuthDetector"
    },
    {
      "name": "StripeDetector"
    },
    {
      "name": "TelegramBotTokenDetector"
    },
    {
      "name": "TwilioKeyDetector"
    }
  ],
  "filters_used": [
    {
      "path": "detect_secrets.filters.allowlist.is_line_allowlisted"
    },
    {
      "path": "detect_secrets.filters.common.is_ignored_due_to_verification_policies",
      "min_level": 2
    },
    {
      "path": "detect_secrets.filters.heuristic.is_indirect_reference"
    },
    {
      "path": "detect_secrets.filters.heuristic.is_likely_id_string"
    },
    {
      "path": "detect_secrets.filters.heuristic.is_lock_file"
    },
    {
      "path": "detect_secrets.filters.heuristic.is_not_alphanumeric_string"
    },
    {
      "path": "detect_secrets.filters.heuristic.is_potential_uuid"
    },
    {
      "path": "detect_secrets.filters.heuristic.is_prefixed_with_dollar_sign"
    },
    {
      "path": "detect_secrets.filters.heuristic.is_sequential_string"
    },
    {
      "path": "detect_secrets.filters.heuristic.is_swagger_file"
    },
    {
      "path": "detect_secrets.filters.heuristic.is_templated_secret"
    },
    {
      "path": "detect_secrets.filters.regex.should_exclude_file",
      "pattern": [
        "^uv\\.lock$",
        "^docs/schemas/index\\.json$"
      ]
    }
  ],
  "results": {
    "AGENTS.md": [
      {
        "type": "AWS Access Key",
        "filename": "AGENTS.md",
        "hashed_secret": "25910f981e85ca04baf359199dd0bd4a3ae738b6",
        "is_verified": false,
        "line_number": 29,
        "is_secret": false
      }
    ],
    "tools/project/board.json": [
      {
        "type": "Base64 High Entropy String",
        "filename": "tools/project/board.json",
        "hashed_secret": "2f469c528c8e496636198e1c0677ff8ecd4f323c",
        "is_verified": false,
        "line_number": 11,
        "is_secret": false
      },
      {
        "type": "Base64 High Entropy String",
        "filename": "tools/project/board.json",
        "hashed_secret": "7cb2e69acf24aa653fc8f88e5c662c5437d89db2",
        "is_verified": false,
        "line_number": 45,
        "is_secret": false
      },
      {
        "type": "Base64 High Entropy String",
        "filename": "tools/project/board.json",
        "hashed_secret": "51072719c143bf0ffddb9ded640921de21612adb",
        "is_verified": false,
        "line_number": 49,
        "is_secret": false
      },
      {
        "type": "Base64 High Entropy String",
        "filename": "tools/project/board.json",
        "hashed_secret": "ac00a416b3db76fca81b767c347845854410be81",
        "is_verified": false,
        "line_number": 57,
        "is_secret": false
      },
      {
        "type": "Base64 High Entropy String",
        "filename": "tools/project/board.json",
        "hashed_secret": "3c65bffd0b79b815a5e596a72c98ecc0b3956cb3",
        "is_verified": false,
        "line_number": 107,
        "is_secret": false
      }
    ]
  },
  "generated_at": "2026-09-27T18:57:34Z"
}
